127.0.0.1 - - [03/Jun/2024:09:49:23 +0900] "GET / HTTP/1.1" 404 807
0:0:0:0:0:0:0:1 - - [03/Jun/2024:09:51:34 +0900] "GET /hello/ HTTP/1.1" 200 819
0:0:0:0:0:0:0:1 - - [03/Jun/2024:09:51:35 +0900] "GET /hello HTTP/1.1" 302 -
0:0:0:0:0:0:0:1 - - [03/Jun/2024:09:51:39 +0900] "GET /favicon.ico HTTP/1.1" 404 818
0:0:0:0:0:0:0:1 - - [03/Jun/2024:09:51:57 +0900] "GET /hello/jsp/basic.jsp HTTP/1.1" 500 2261
127.0.0.1 - - [03/Jun/2024:09:52:44 +0900] "GET / HTTP/1.1" 404 807
0:0:0:0:0:0:0:1 - - [03/Jun/2024:09:52:47 +0900] "GET /hello/jsp/basic.jsp HTTP/1.1" 500 2261
0:0:0:0:0:0:0:1 - - [03/Jun/2024:09:52:48 +0900] "GET /hello/jsp/basic.jsp HTTP/1.1" 500 2932
0:0:0:0:0:0:0:1 - - [03/Jun/2024:09:53:48 +0900] "GET /hello/ HTTP/1.1" 304 -
0:0:0:0:0:0:0:1 - - [03/Jun/2024:09:53:49 +0900] "GET /hello HTTP/1.1" 302 -
0:0:0:0:0:0:0:1 - - [03/Jun/2024:09:53:51 +0900] "GET /hello/ HTTP/1.1" 304 -
0:0:0:0:0:0:0:1 - - [03/Jun/2024:09:53:51 +0900] "GET /hello/ HTTP/1.1" 304 -
0:0:0:0:0:0:0:1 - - [03/Jun/2024:09:53:51 +0900] "GET /hello/ HTTP/1.1" 304 -
0:0:0:0:0:0:0:1 - - [03/Jun/2024:09:53:52 +0900] "GET /hello/jsp/basic.jsp HTTP/1.1" 500 2261
127.0.0.1 - - [03/Jun/2024:09:54:55 +0900] "GET / HTTP/1.1" 404 807
0:0:0:0:0:0:0:1 - - [03/Jun/2024:09:55:02 +0900] "GET /hello/jsp/basic.jsp HTTP/1.1" 500 2261
0:0:0:0:0:0:0:1 - - [03/Jun/2024:09:55:02 +0900] "GET /hello/jsp/basic.jsp HTTP/1.1" 500 2932
0:0:0:0:0:0:0:1 - - [03/Jun/2024:09:55:04 +0900] "GET /hello/jsp/basic.jsp HTTP/1.1" 500 2932
0:0:0:0:0:0:0:1 - - [03/Jun/2024:09:55:33 +0900] "GET /hello/ HTTP/1.1" 304 -
0:0:0:0:0:0:0:1 - - [03/Jun/2024:09:55:33 +0900] "GET /hello/ HTTP/1.1" 304 -
0:0:0:0:0:0:0:1 - - [03/Jun/2024:09:55:34 +0900] "GET /hello/jsp/basic.jsp HTTP/1.1" 500 2261
0:0:0:0:0:0:0:1 - - [03/Jun/2024:09:56:20 +0900] "GET /hello/ HTTP/1.1" 304 -
0:0:0:0:0:0:0:1 - - [03/Jun/2024:09:56:20 +0900] "GET /hello/ HTTP/1.1" 304 -
0:0:0:0:0:0:0:1 - - [03/Jun/2024:09:56:21 +0900] "GET /hello/jsp/basic.jsp HTTP/1.1" 200 778
0:0:0:0:0:0:0:1 - - [03/Jun/2024:10:13:32 +0900] "GET /hello/ HTTP/1.1" 200 892
0:0:0:0:0:0:0:1 - - [03/Jun/2024:10:13:33 +0900] "GET /hello/jsp/include.jsp HTTP/1.1" 200 150
127.0.0.1 - - [03/Jun/2024:10:13:50 +0900] "GET / HTTP/1.1" 404 807
0:0:0:0:0:0:0:1 - - [03/Jun/2024:10:13:51 +0900] "GET /hello/ HTTP/1.1" 304 -
0:0:0:0:0:0:0:1 - - [03/Jun/2024:10:13:51 +0900] "GET /hello/ HTTP/1.1" 304 -
0:0:0:0:0:0:0:1 - - [03/Jun/2024:10:13:52 +0900] "GET /hello/jsp/include.jsp HTTP/1.1" 200 150
127.0.0.1 - - [03/Jun/2024:10:14:45 +0900] "GET / HTTP/1.1" 404 807
127.0.0.1 - - [03/Jun/2024:10:16:19 +0900] "GET / HTTP/1.1" 404 807
0:0:0:0:0:0:0:1 - - [03/Jun/2024:10:16:22 +0900] "GET /hello/ HTTP/1.1" 304 -
0:0:0:0:0:0:0:1 - - [03/Jun/2024:10:16:23 +0900] "GET /hello/ HTTP/1.1" 304 -
0:0:0:0:0:0:0:1 - - [03/Jun/2024:10:16:23 +0900] "GET /hello/ HTTP/1.1" 304 -
0:0:0:0:0:0:0:1 - - [03/Jun/2024:10:16:23 +0900] "GET /hello/ HTTP/1.1" 304 -
0:0:0:0:0:0:0:1 - - [03/Jun/2024:10:16:23 +0900] "GET /hello/ HTTP/1.1" 304 -
0:0:0:0:0:0:0:1 - - [03/Jun/2024:10:16:24 +0900] "GET /hello/jsp/include.jsp HTTP/1.1" 200 1206
0:0:0:0:0:0:0:1 - - [03/Jun/2024:10:23:05 +0900] "GET /hello/jsp/include.jsp HTTP/1.1" 200 1245
0:0:0:0:0:0:0:1 - - [03/Jun/2024:10:23:27 +0900] "GET /hello/jsp/include.jsp HTTP/1.1" 200 1245
0:0:0:0:0:0:0:1 - - [03/Jun/2024:10:29:19 +0900] "GET /hello/jsp/include.jsp HTTP/1.1" 200 1405
0:0:0:0:0:0:0:1 - - [03/Jun/2024:10:29:19 +0900] "GET /hello/jsp/include.jsp HTTP/1.1" 200 1405
0:0:0:0:0:0:0:1 - - [03/Jun/2024:10:29:20 +0900] "GET /hello/jsp/include.jsp HTTP/1.1" 200 1405
0:0:0:0:0:0:0:1 - - [03/Jun/2024:10:29:28 +0900] "GET /hello/jsp/include.jsp HTTP/1.1" 200 1405
0:0:0:0:0:0:0:1 - - [03/Jun/2024:10:29:30 +0900] "GET /hello/jsp/include.jsp HTTP/1.1" 200 1405
0:0:0:0:0:0:0:1 - - [03/Jun/2024:10:29:30 +0900] "GET /hello/jsp/include.jsp HTTP/1.1" 200 1405
0:0:0:0:0:0:0:1 - - [03/Jun/2024:10:29:55 +0900] "GET /hello/jsp/include.jsp HTTP/1.1" 200 1581
0:0:0:0:0:0:0:1 - - [03/Jun/2024:10:30:01 +0900] "GET /hello/jsp/basic.jsp HTTP/1.1" 200 778
0:0:0:0:0:0:0:1 - - [03/Jun/2024:10:30:10 +0900] "GET /hello/jsp/basic.jsp HTTP/1.1" 200 778
0:0:0:0:0:0:0:1 - - [03/Jun/2024:10:31:33 +0900] "GET /hello/jsp/include.jsp HTTP/1.1" 200 1581
0:0:0:0:0:0:0:1 - - [03/Jun/2024:10:31:34 +0900] "GET /hello/jsp/basic.jsp HTTP/1.1" 200 1141
0:0:0:0:0:0:0:1 - - [03/Jun/2024:10:31:49 +0900] "GET /hello/jsp/basic.jsp HTTP/1.1" 200 1200
127.0.0.1 - - [03/Jun/2024:10:43:30 +0900] "GET / HTTP/1.1" 404 807
0:0:0:0:0:0:0:1 - - [03/Jun/2024:10:43:35 +0900] "GET /hello/ HTTP/1.1" 304 -
0:0:0:0:0:0:0:1 - - [03/Jun/2024:10:43:35 +0900] "GET /hello/ HTTP/1.1" 304 -
0:0:0:0:0:0:0:1 - - [03/Jun/2024:10:43:36 +0900] "GET /hello/ HTTP/1.1" 304 -
0:0:0:0:0:0:0:1 - - [03/Jun/2024:10:43:36 +0900] "GET /hello/ HTTP/1.1" 304 -
0:0:0:0:0:0:0:1 - - [03/Jun/2024:10:43:36 +0900] "GET /hello/ HTTP/1.1" 304 -
0:0:0:0:0:0:0:1 - - [03/Jun/2024:10:43:44 +0900] "GET /hello/jsp/include.jsp HTTP/1.1" 200 1654
0:0:0:0:0:0:0:1 - - [03/Jun/2024:10:43:53 +0900] "GET /hello/action HTTP/1.1" 404 823
0:0:0:0:0:0:0:1 - - [03/Jun/2024:10:44:03 +0900] "GET /hello/action HTTP/1.1" 404 823
0:0:0:0:0:0:0:1 - - [03/Jun/2024:10:44:08 +0900] "GET /hello/action HTTP/1.1" 404 823
0:0:0:0:0:0:0:1 - - [03/Jun/2024:10:44:22 +0900] "GET /hello/ HTTP/1.1" 304 -
0:0:0:0:0:0:0:1 - - [03/Jun/2024:10:44:36 +0900] "GET /hello HTTP/1.1" 302 -
0:0:0:0:0:0:0:1 - - [03/Jun/2024:10:44:41 +0900] "GET /action HTTP/1.1" 302 -
0:0:0:0:0:0:0:1 - - [03/Jun/2024:10:44:41 +0900] "GET /action/ HTTP/1.1" 200 222
0:0:0:0:0:0:0:1 - - [03/Jun/2024:11:19:14 +0900] "GET /action/ HTTP/1.1" 200 334
0:0:0:0:0:0:0:1 - - [03/Jun/2024:11:19:24 +0900] "GET /action/standard/useBean.do HTTP/1.1" 404 841
0:0:0:0:0:0:0:1 - - [03/Jun/2024:11:19:36 +0900] "GET /action/standard/useBean.do HTTP/1.1" 404 841
0:0:0:0:0:0:0:1 - - [03/Jun/2024:11:23:19 +0900] "GET /action/standard/useBean.do HTTP/1.1" 404 841
0:0:0:0:0:0:0:1 - - [03/Jun/2024:11:27:28 +0900] "GET /action/standard/useBean.do HTTP/1.1" 404 841
0:0:0:0:0:0:0:1 - - [03/Jun/2024:11:27:28 +0900] "GET /action/standard/useBean.do HTTP/1.1" 404 841
0:0:0:0:0:0:0:1 - - [03/Jun/2024:11:27:31 +0900] "GET /action/standard/useBean.do HTTP/1.1" 404 841
127.0.0.1 - - [03/Jun/2024:11:27:58 +0900] "GET / HTTP/1.1" 404 807
0:0:0:0:0:0:0:1 - - [03/Jun/2024:11:28:02 +0900] "GET /action/standard/useBean.do HTTP/1.1" 200 258
0:0:0:0:0:0:0:1 - - [03/Jun/2024:11:40:15 +0900] "GET /action/standard/useBean.do HTTP/1.1" 200 258
0:0:0:0:0:0:0:1 - - [03/Jun/2024:11:40:16 +0900] "GET /action/standard/useBean.do HTTP/1.1" 200 258
0:0:0:0:0:0:0:1 - - [03/Jun/2024:11:40:16 +0900] "GET /action/standard/useBean.do HTTP/1.1" 200 258
0:0:0:0:0:0:0:1 - - [03/Jun/2024:11:40:16 +0900] "GET /action/standard/useBean.do HTTP/1.1" 200 258
0:0:0:0:0:0:0:1 - - [03/Jun/2024:11:40:16 +0900] "GET /action/standard/useBean.do HTTP/1.1" 200 258
0:0:0:0:0:0:0:1 - - [03/Jun/2024:11:40:49 +0900] "GET /action/standard/useBean.do HTTP/1.1" 200 258
0:0:0:0:0:0:0:1 - - [03/Jun/2024:11:40:49 +0900] "GET /action/standard/useBean.do HTTP/1.1" 200 258
0:0:0:0:0:0:0:1 - - [03/Jun/2024:11:40:49 +0900] "GET /action/standard/useBean.do HTTP/1.1" 200 258
0:0:0:0:0:0:0:1 - - [03/Jun/2024:11:40:49 +0900] "GET /action/standard/useBean.do HTTP/1.1" 200 258
0:0:0:0:0:0:0:1 - - [03/Jun/2024:11:40:51 +0900] "GET /action/standard/useBean.do HTTP/1.1" 200 258
0:0:0:0:0:0:0:1 - - [03/Jun/2024:11:44:01 +0900] "GET /action/standard/useBean.do HTTP/1.1" 200 258
0:0:0:0:0:0:0:1 - - [03/Jun/2024:11:44:01 +0900] "GET /action/standard/useBean.do HTTP/1.1" 200 258
127.0.0.1 - - [03/Jun/2024:11:45:22 +0900] "GET / HTTP/1.1" 404 807
0:0:0:0:0:0:0:1 - - [03/Jun/2024:11:45:24 +0900] "GET /action/standard/useBean.do HTTP/1.1" 200 957
0:0:0:0:0:0:0:1 - - [03/Jun/2024:11:45:24 +0900] "GET /action/standard/useBean.do HTTP/1.1" 200 957
0:0:0:0:0:0:0:1 - - [03/Jun/2024:11:45:25 +0900] "GET /action/standard/useBean.do HTTP/1.1" 200 957
0:0:0:0:0:0:0:1 - - [03/Jun/2024:11:46:04 +0900] "GET /action/standard/useBean.do HTTP/1.1" 200 957
0:0:0:0:0:0:0:1 - - [03/Jun/2024:11:46:05 +0900] "GET /action/standard/useBean.do HTTP/1.1" 200 957
0:0:0:0:0:0:0:1 - - [03/Jun/2024:11:46:05 +0900] "GET /action/standard/useBean.do HTTP/1.1" 200 957
0:0:0:0:0:0:0:1 - - [03/Jun/2024:11:46:06 +0900] "GET /action/standard/useBean.do HTTP/1.1" 200 957
0:0:0:0:0:0:0:1 - - [03/Jun/2024:11:46:06 +0900] "GET /action/standard/useBean.do HTTP/1.1" 200 957
0:0:0:0:0:0:0:1 - - [03/Jun/2024:11:46:06 +0900] "GET /action/standard/useBean.do HTTP/1.1" 200 957
127.0.0.1 - - [03/Jun/2024:11:46:12 +0900] "GET / HTTP/1.1" 404 807
127.0.0.1 - - [03/Jun/2024:11:46:18 +0900] "GET / HTTP/1.1" 404 807
0:0:0:0:0:0:0:1 - - [03/Jun/2024:11:46:19 +0900] "GET /action/standard/useBean.do HTTP/1.1" 200 1174
0:0:0:0:0:0:0:1 - - [03/Jun/2024:11:52:15 +0900] "GET /action/standard/useBean.do HTTP/1.1" 200 1174
0:0:0:0:0:0:0:1 - - [03/Jun/2024:11:52:40 +0900] "GET /action/standard/useBean.do HTTP/1.1" 200 1261
0:0:0:0:0:0:0:1 - - [03/Jun/2024:11:52:40 +0900] "GET /action/standard/useBean.do HTTP/1.1" 200 1261
0:0:0:0:0:0:0:1 - - [03/Jun/2024:11:52:40 +0900] "GET /action/standard/useBean.do HTTP/1.1" 200 1261
0:0:0:0:0:0:0:1 - - [03/Jun/2024:11:52:45 +0900] "GET /action/standard/useBean.do HTTP/1.1" 200 1261
0:0:0:0:0:0:0:1 - - [03/Jun/2024:11:52:45 +0900] "GET /action/standard/useBean.do HTTP/1.1" 200 1261
0:0:0:0:0:0:0:1 - - [03/Jun/2024:12:06:55 +0900] "GET /action/standard/useBean.do HTTP/1.1" 200 1261
0:0:0:0:0:0:0:1 - - [03/Jun/2024:12:06:56 +0900] "GET /action/standard/useBean.do HTTP/1.1" 200 1261
0:0:0:0:0:0:0:1 - - [03/Jun/2024:12:06:57 +0900] "GET /action/standard/useBean.do HTTP/1.1" 200 1261
0:0:0:0:0:0:0:1 - - [03/Jun/2024:12:06:57 +0900] "GET /action/standard/useBean.do HTTP/1.1" 200 1261
0:0:0:0:0:0:0:1 - - [03/Jun/2024:12:06:57 +0900] "GET /action/standard/useBean.do HTTP/1.1" 200 1261
127.0.0.1 - - [03/Jun/2024:12:07:04 +0900] "GET / HTTP/1.1" 404 807
127.0.0.1 - - [03/Jun/2024:12:07:10 +0900] "GET / HTTP/1.1" 404 807
0:0:0:0:0:0:0:1 - - [03/Jun/2024:12:07:57 +0900] "GET /action/standard/useBean.do HTTP/1.1" 200 1262
127.0.0.1 - - [03/Jun/2024:12:08:33 +0900] "GET / HTTP/1.1" 404 807
0:0:0:0:0:0:0:1 - - [03/Jun/2024:12:08:35 +0900] "GET /action/standard/useBean.do HTTP/1.1" 200 2470
127.0.0.1 - - [03/Jun/2024:12:09:01 +0900] "GET / HTTP/1.1" 404 807
0:0:0:0:0:0:0:1 - - [03/Jun/2024:12:09:04 +0900] "GET /action/standard/useBean.do HTTP/1.1" 200 1898
0:0:0:0:0:0:0:1 - - [03/Jun/2024:12:17:20 +0900] "GET /action/ HTTP/1.1" 200 397
0:0:0:0:0:0:0:1 - - [03/Jun/2024:12:17:20 +0900] "GET /action/ HTTP/1.1" 200 397
0:0:0:0:0:0:0:1 - - [03/Jun/2024:12:17:20 +0900] "GET /action/ HTTP/1.1" 200 397
0:0:0:0:0:0:0:1 - - [03/Jun/2024:12:17:21 +0900] "GET /action/standard/include.jsp HTTP/1.1" 200 869
127.0.0.1 - - [03/Jun/2024:12:17:46 +0900] "GET / HTTP/1.1" 404 807
0:0:0:0:0:0:0:1 - - [03/Jun/2024:12:17:47 +0900] "GET /action/standard/include.jsp HTTP/1.1" 200 1411
127.0.0.1 - - [03/Jun/2024:12:26:41 +0900] "GET / HTTP/1.1" 404 807
0:0:0:0:0:0:0:1 - - [03/Jun/2024:12:26:43 +0900] "GET /action/standard/include.jsp HTTP/1.1" 200 1716
127.0.0.1 - - [03/Jun/2024:12:37:05 +0900] "GET / HTTP/1.1" 404 807
0:0:0:0:0:0:0:1 - - [03/Jun/2024:12:37:07 +0900] "GET /action/standard/include.jsp HTTP/1.1" 200 1997
0:0:0:0:0:0:0:1 - - [03/Jun/2024:12:37:10 +0900] "GET /action/standard/another.jsp HTTP/1.1" 200 984
0:0:0:0:0:0:0:1 - - [03/Jun/2024:12:37:11 +0900] "GET /action HTTP/1.1" 302 -
0:0:0:0:0:0:0:1 - - [03/Jun/2024:12:37:11 +0900] "GET /action/ HTTP/1.1" 200 397
0:0:0:0:0:0:0:1 - - [03/Jun/2024:12:37:13 +0900] "GET /action/standard/include.jsp HTTP/1.1" 200 1997
0:0:0:0:0:0:0:1 - - [03/Jun/2024:12:37:18 +0900] "GET /action/standard/another.jsp HTTP/1.1" 200 984
0:0:0:0:0:0:0:1 - - [03/Jun/2024:12:38:14 +0900] "GET /action/standard/another.jsp HTTP/1.1" 200 984
0:0:0:0:0:0:0:1 - - [03/Jun/2024:12:38:15 +0900] "GET /action HTTP/1.1" 302 -
0:0:0:0:0:0:0:1 - - [03/Jun/2024:12:38:15 +0900] "GET /action/ HTTP/1.1" 200 397
0:0:0:0:0:0:0:1 - - [03/Jun/2024:12:38:17 +0900] "GET /action/standard/include.jsp HTTP/1.1" 200 1997
0:0:0:0:0:0:0:1 - - [03/Jun/2024:12:39:30 +0900] "GET /action/standard/another.jsp HTTP/1.1" 200 984
0:0:0:0:0:0:0:1 - - [03/Jun/2024:12:39:31 +0900] "GET /action HTTP/1.1" 302 -
0:0:0:0:0:0:0:1 - - [03/Jun/2024:12:39:31 +0900] "GET /action/ HTTP/1.1" 200 397
0:0:0:0:0:0:0:1 - - [03/Jun/2024:12:40:58 +0900] "GET /action/standard/include.jsp HTTP/1.1" 200 2002
0:0:0:0:0:0:0:1 - - [03/Jun/2024:12:41:01 +0900] "GET /action/standard/another.jsp HTTP/1.1" 200 984
127.0.0.1 - - [03/Jun/2024:14:14:19 +0900] "GET / HTTP/1.1" 404 807
0:0:0:0:0:0:0:1 - - [03/Jun/2024:14:14:24 +0900] "GET /action/ HTTP/1.1" 200 540
0:0:0:0:0:0:0:1 - - [03/Jun/2024:14:14:24 +0900] "GET /action/ HTTP/1.1" 200 540
0:0:0:0:0:0:0:1 - - [03/Jun/2024:14:14:25 +0900] "GET /action/el/elBasics.do?pname=%EC%95%84%EC%9D%B4%ED%8F%B0&pcount=10&option=black&option=128gb HTTP/1.1" 200 128
0:0:0:0:0:0:0:1 - - [03/Jun/2024:14:14:29 +0900] "GET /action/el/elBasics.do?pname=%EC%95%84%EC%9D%B4%ED%8F%B0&pcount=10&option=black&option=128gb HTTP/1.1" 200 128
0:0:0:0:0:0:0:1 - - [03/Jun/2024:14:14:31 +0900] "GET /action/el/elBasics.do?pname=%EC%95%84%EC%9D%B4%ED%8F%B0&pcount=10&option=black&option=128gb HTTP/1.1" 200 128
0:0:0:0:0:0:0:1 - - [03/Jun/2024:14:14:40 +0900] "GET /action/el/elBasics.do?pname=%EC%95%84%EC%9D%B4%ED%8F%B0&pcount=10&option=black&option=128gb HTTP/1.1" 200 128
0:0:0:0:0:0:0:1 - - [03/Jun/2024:14:15:15 +0900] "GET /action/el/elBasics.do?pname=%EC%95%84%EC%9D%B4%ED%8F%B0&pcount=10&option=black&option=128gb HTTP/1.1" 200 128
0:0:0:0:0:0:0:1 - - [03/Jun/2024:14:15:34 +0900] "GET /action/el/elBasics.do?pname=%EC%95%84%EC%9D%B4%ED%8F%B0&pcount=10&option=black&option=128gb HTTP/1.1" 200 128
127.0.0.1 - - [03/Jun/2024:14:21:37 +0900] "GET / HTTP/1.1" 404 807
0:0:0:0:0:0:0:1 - - [03/Jun/2024:14:21:40 +0900] "GET /action/el/elBasics.do?pname=%EC%95%84%EC%9D%B4%ED%8F%B0&pcount=10&option=black&option=128gb HTTP/1.1" 200 277
0:0:0:0:0:0:0:1 - - [03/Jun/2024:14:23:25 +0900] "GET /action/el/elBasics.do?pname=%EC%95%84%EC%9D%B4%ED%8F%B0&pcount=10&option=black&option=128gb HTTP/1.1" 200 277
0:0:0:0:0:0:0:1 - - [03/Jun/2024:14:23:27 +0900] "GET /action/el/elBasics.do?pname=%EC%95%84%EC%9D%B4%ED%8F%B0&pcount=10&option=black&option=128gb HTTP/1.1" 200 277
127.0.0.1 - - [03/Jun/2024:14:23:57 +0900] "GET / HTTP/1.1" 404 807
127.0.0.1 - - [03/Jun/2024:14:24:13 +0900] "GET / HTTP/1.1" 404 807
0:0:0:0:0:0:0:1 - - [03/Jun/2024:14:24:15 +0900] "GET /action/el/elBasics.do?pname=%EC%95%84%EC%9D%B4%ED%8F%B0&pcount=10&option=black&option=128gb HTTP/1.1" 200 302
0:0:0:0:0:0:0:1 - - [03/Jun/2024:14:26:34 +0900] "GET /action/el/elBasics.do?pname=%EC%95%84%EC%9D%B4%ED%8F%B0&pcount=10&option=black&option=128gb HTTP/1.1" 200 325
127.0.0.1 - - [03/Jun/2024:14:27:55 +0900] "GET / HTTP/1.1" 404 807
0:0:0:0:0:0:0:1 - - [03/Jun/2024:14:27:58 +0900] "GET /action/el/elBasics.do?pname=%EC%95%84%EC%9D%B4%ED%8F%B0&pcount=10&option=black&option=128gb HTTP/1.1" 200 359
127.0.0.1 - - [03/Jun/2024:14:31:04 +0900] "GET / HTTP/1.1" 404 807
0:0:0:0:0:0:0:1 - - [03/Jun/2024:14:31:05 +0900] "GET /action/el/elBasics.do?pname=%EC%95%84%EC%9D%B4%ED%8F%B0&pcount=10&option=black&option=128gb HTTP/1.1" 200 359
0:0:0:0:0:0:0:1 - - [03/Jun/2024:14:31:07 +0900] "GET /action/el/elBasics.do?pname=%EC%95%84%EC%9D%B4%ED%8F%B0&pcount=10&option=black&option=128gb HTTP/1.1" 200 359
0:0:0:0:0:0:0:1 - - [03/Jun/2024:14:31:08 +0900] "GET /action/el/elBasics.do?pname=%EC%95%84%EC%9D%B4%ED%8F%B0&pcount=10&option=black&option=128gb HTTP/1.1" 200 359
0:0:0:0:0:0:0:1 - - [03/Jun/2024:14:31:09 +0900] "GET /action/el/elBasics.do?pname=%EC%95%84%EC%9D%B4%ED%8F%B0&pcount=10&option=black&option=128gb HTTP/1.1" 200 359
0:0:0:0:0:0:0:1 - - [03/Jun/2024:14:31:09 +0900] "GET /action/el/elBasics.do?pname=%EC%95%84%EC%9D%B4%ED%8F%B0&pcount=10&option=black&option=128gb HTTP/1.1" 200 359
0:0:0:0:0:0:0:1 - - [03/Jun/2024:14:31:09 +0900] "GET /action/el/elBasics.do?pname=%EC%95%84%EC%9D%B4%ED%8F%B0&pcount=10&option=black&option=128gb HTTP/1.1" 200 359
0:0:0:0:0:0:0:1 - - [03/Jun/2024:14:31:10 +0900] "GET /action/el/elBasics.do?pname=%EC%95%84%EC%9D%B4%ED%8F%B0&pcount=10&option=black&option=128gb HTTP/1.1" 200 359
0:0:0:0:0:0:0:1 - - [03/Jun/2024:14:31:10 +0900] "GET /action/el/elBasics.do?pname=%EC%95%84%EC%9D%B4%ED%8F%B0&pcount=10&option=black&option=128gb HTTP/1.1" 200 359
0:0:0:0:0:0:0:1 - - [03/Jun/2024:14:31:10 +0900] "GET /action/el/elBasics.do?pname=%EC%95%84%EC%9D%B4%ED%8F%B0&pcount=10&option=black&option=128gb HTTP/1.1" 200 359
127.0.0.1 - - [03/Jun/2024:14:31:26 +0900] "GET / HTTP/1.1" 404 807
0:0:0:0:0:0:0:1 - - [03/Jun/2024:14:31:27 +0900] "GET /action/el/elBasics.do?pname=%EC%95%84%EC%9D%B4%ED%8F%B0&pcount=10&option=black&option=128gb HTTP/1.1" 200 359
0:0:0:0:0:0:0:1 - - [03/Jun/2024:14:31:28 +0900] "GET /action/el/elBasics.do?pname=%EC%95%84%EC%9D%B4%ED%8F%B0&pcount=10&option=black&option=128gb HTTP/1.1" 200 359
0:0:0:0:0:0:0:1 - - [03/Jun/2024:14:31:28 +0900] "GET /action/el/elBasics.do?pname=%EC%95%84%EC%9D%B4%ED%8F%B0&pcount=10&option=black&option=128gb HTTP/1.1" 200 359
0:0:0:0:0:0:0:1 - - [03/Jun/2024:14:31:29 +0900] "GET /action/el/elBasics.do?pname=%EC%95%84%EC%9D%B4%ED%8F%B0&pcount=10&option=black&option=128gb HTTP/1.1" 200 359
0:0:0:0:0:0:0:1 - - [03/Jun/2024:14:31:29 +0900] "GET /action/el/elBasics.do?pname=%EC%95%84%EC%9D%B4%ED%8F%B0&pcount=10&option=black&option=128gb HTTP/1.1" 200 359
0:0:0:0:0:0:0:1 - - [03/Jun/2024:14:31:29 +0900] "GET /action/el/elBasics.do?pname=%EC%95%84%EC%9D%B4%ED%8F%B0&pcount=10&option=black&option=128gb HTTP/1.1" 200 359
0:0:0:0:0:0:0:1 - - [03/Jun/2024:14:31:29 +0900] "GET /action/el/elBasics.do?pname=%EC%95%84%EC%9D%B4%ED%8F%B0&pcount=10&option=black&option=128gb HTTP/1.1" 200 359
0:0:0:0:0:0:0:1 - - [03/Jun/2024:14:31:29 +0900] "GET /action/el/elBasics.do?pname=%EC%95%84%EC%9D%B4%ED%8F%B0&pcount=10&option=black&option=128gb HTTP/1.1" 200 359
0:0:0:0:0:0:0:1 - - [03/Jun/2024:14:31:29 +0900] "GET /action/el/elBasics.do?pname=%EC%95%84%EC%9D%B4%ED%8F%B0&pcount=10&option=black&option=128gb HTTP/1.1" 200 359
0:0:0:0:0:0:0:1 - - [03/Jun/2024:14:31:30 +0900] "GET /action/el/elBasics.do?pname=%EC%95%84%EC%9D%B4%ED%8F%B0&pcount=10&option=black&option=128gb HTTP/1.1" 200 359
127.0.0.1 - - [03/Jun/2024:14:32:41 +0900] "GET / HTTP/1.1" 404 807
0:0:0:0:0:0:0:1 - - [03/Jun/2024:14:32:41 +0900] "GET /action/el/elBasics.do?pname=%EC%95%84%EC%9D%B4%ED%8F%B0&pcount=10&option=black&option=128gb HTTP/1.1" 200 493
127.0.0.1 - - [03/Jun/2024:14:33:08 +0900] "GET / HTTP/1.1" 404 807
0:0:0:0:0:0:0:1 - - [03/Jun/2024:14:33:08 +0900] "GET /action/el/elBasics.do?pname=%EC%95%84%EC%9D%B4%ED%8F%B0&pcount=10&option=black&option=128gb HTTP/1.1" 500 3807
127.0.0.1 - - [03/Jun/2024:14:38:47 +0900] "GET / HTTP/1.1" 404 807
0:0:0:0:0:0:0:1 - - [03/Jun/2024:14:38:48 +0900] "GET /action/el/elBasics.do?pname=%EC%95%84%EC%9D%B4%ED%8F%B0&pcount=10&option=black&option=128gb HTTP/1.1" 200 601
127.0.0.1 - - [03/Jun/2024:14:39:04 +0900] "GET / HTTP/1.1" 404 807
0:0:0:0:0:0:0:1 - - [03/Jun/2024:14:39:04 +0900] "GET /action/el/elBasics.do?pname=%EC%95%84%EC%9D%B4%ED%8F%B0&pcount=10&option=black&option=128gb HTTP/1.1" 200 625
127.0.0.1 - - [03/Jun/2024:14:39:21 +0900] "GET / HTTP/1.1" 404 807
0:0:0:0:0:0:0:1 - - [03/Jun/2024:14:39:21 +0900] "GET /action/el/elBasics.do?pname=%EC%95%84%EC%9D%B4%ED%8F%B0&pcount=10&option=black&option=128gb HTTP/1.1" 200 3591
127.0.0.1 - - [03/Jun/2024:14:39:40 +0900] "GET / HTTP/1.1" 404 807
0:0:0:0:0:0:0:1 - - [03/Jun/2024:14:39:41 +0900] "GET /action/el/elBasics.do?pname=%EC%95%84%EC%9D%B4%ED%8F%B0&pcount=10&option=black&option=128gb HTTP/1.1" 200 649
127.0.0.1 - - [03/Jun/2024:14:41:21 +0900] "GET / HTTP/1.1" 404 807
0:0:0:0:0:0:0:1 - - [03/Jun/2024:14:41:22 +0900] "GET /action/el/elBasics.do?pname=%EC%95%84%EC%9D%B4%ED%8F%B0&pcount=10&option=black&option=128gb HTTP/1.1" 200 755
0:0:0:0:0:0:0:1 - - [03/Jun/2024:15:02:05 +0900] "GET /action/el/elBasics.do?pname=%EC%95%84%EC%9D%B4%ED%8F%B0&pcount=10&option=black&option=128gb HTTP/1.1" 200 821
127.0.0.1 - - [03/Jun/2024:15:13:32 +0900] "GET / HTTP/1.1" 404 807
0:0:0:0:0:0:0:1 - - [03/Jun/2024:15:13:37 +0900] "GET /action/el/elBasics.do?pname=%EC%95%84%EC%9D%B4%ED%8F%B0&pcount=10&option=black&option=128gb HTTP/1.1" 200 898
127.0.0.1 - - [03/Jun/2024:15:14:22 +0900] "GET / HTTP/1.1" 404 807
0:0:0:0:0:0:0:1 - - [03/Jun/2024:15:14:23 +0900] "GET /action/el/elBasics.do?pname=%EC%95%84%EC%9D%B4%ED%8F%B0&pcount=10&option=black&option=128gb HTTP/1.1" 200 1142
0:0:0:0:0:0:0:1 - - [03/Jun/2024:15:15:02 +0900] "GET /action/el/elBasics.do?pname=%EC%95%84%EC%9D%B4%ED%8F%B0&pcount=10&option=black&option=128gb HTTP/1.1" 200 1142
127.0.0.1 - - [03/Jun/2024:15:15:25 +0900] "GET / HTTP/1.1" 404 807
0:0:0:0:0:0:0:1 - - [03/Jun/2024:15:15:26 +0900] "GET /action/el/elBasics.do?pname=%EC%95%84%EC%9D%B4%ED%8F%B0&pcount=10&option=black&option=128gb HTTP/1.1" 200 1144
127.0.0.1 - - [03/Jun/2024:15:16:15 +0900] "GET / HTTP/1.1" 404 807
0:0:0:0:0:0:0:1 - - [03/Jun/2024:15:16:17 +0900] "GET /action/el/elBasics.do?pname=%EC%95%84%EC%9D%B4%ED%8F%B0&pcount=10&option=black&option=128gb HTTP/1.1" 200 1307
0:0:0:0:0:0:0:1 - - [03/Jun/2024:15:16:42 +0900] "GET /action/el/elBasics.do?pname=%EC%95%84%EC%9D%B4%ED%8F%B0&pcount=10&option=black&option=128gb HTTP/1.1" 200 1323
127.0.0.1 - - [03/Jun/2024:15:18:35 +0900] "GET / HTTP/1.1" 404 807
0:0:0:0:0:0:0:1 - - [03/Jun/2024:15:18:38 +0900] "GET /action/el/elBasics.do?pname=%EC%95%84%EC%9D%B4%ED%8F%B0&pcount=10&option=black&option=128gb HTTP/1.1" 200 1404
127.0.0.1 - - [03/Jun/2024:15:20:02 +0900] "GET / HTTP/1.1" 404 807
0:0:0:0:0:0:0:1 - - [03/Jun/2024:15:20:12 +0900] "GET /action/el/elBasics.do?pname=%EC%95%84%EC%9D%B4%ED%8F%B0&pcount=10&option=black&option=128gb HTTP/1.1" 500 9155
127.0.0.1 - - [03/Jun/2024:15:21:01 +0900] "GET / HTTP/1.1" 404 807
0:0:0:0:0:0:0:1 - - [03/Jun/2024:15:21:03 +0900] "GET /action/el/elBasics.do?pname=%EC%95%84%EC%9D%B4%ED%8F%B0&pcount=10&option=black&option=128gb HTTP/1.1" 500 9155
0:0:0:0:0:0:0:1 - - [03/Jun/2024:15:21:04 +0900] "GET /action/el/elBasics.do?pname=%EC%95%84%EC%9D%B4%ED%8F%B0&pcount=10&option=black&option=128gb HTTP/1.1" 500 3708
0:0:0:0:0:0:0:1 - - [03/Jun/2024:15:21:57 +0900] "GET /action/el/elBasics.do?pname=%EC%95%84%EC%9D%B4%ED%8F%B0&pcount=10&option=black&option=128gb HTTP/1.1" 500 9151
127.0.0.1 - - [03/Jun/2024:15:21:57 +0900] "GET / HTTP/1.1" 404 807
127.0.0.1 - - [03/Jun/2024:15:24:14 +0900] "GET / HTTP/1.1" 404 807
0:0:0:0:0:0:0:1 - - [03/Jun/2024:15:24:15 +0900] "GET /action/el/elBasics.do?pname=%EC%95%84%EC%9D%B4%ED%8F%B0&pcount=10&option=black&option=128gb HTTP/1.1" 200 1518
127.0.0.1 - - [03/Jun/2024:15:24:37 +0900] "GET / HTTP/1.1" 404 807
0:0:0:0:0:0:0:1 - - [03/Jun/2024:15:24:38 +0900] "GET /action/el/elBasics.do?pname=%EC%95%84%EC%9D%B4%ED%8F%B0&pcount=10&option=black&option=128gb HTTP/1.1" 500 3535
127.0.0.1 - - [03/Jun/2024:15:24:56 +0900] "GET / HTTP/1.1" 404 807
0:0:0:0:0:0:0:1 - - [03/Jun/2024:15:24:58 +0900] "GET /action/el/elBasics.do?pname=%EC%95%84%EC%9D%B4%ED%8F%B0&pcount=10&option=black&option=128gb HTTP/1.1" 200 1535
127.0.0.1 - - [03/Jun/2024:15:26:32 +0900] "GET / HTTP/1.1" 404 807
0:0:0:0:0:0:0:1 - - [03/Jun/2024:15:26:33 +0900] "GET /action/el/elBasics.do?pname=%EC%95%84%EC%9D%B4%ED%8F%B0&pcount=10&option=black&option=128gb HTTP/1.1" 200 1674
127.0.0.1 - - [03/Jun/2024:15:29:02 +0900] "GET / HTTP/1.1" 404 807
0:0:0:0:0:0:0:1 - - [03/Jun/2024:15:29:04 +0900] "GET /action/el/elBasics.do?pname=%EC%95%84%EC%9D%B4%ED%8F%B0&pcount=10&option=black&option=128gb HTTP/1.1" 200 1716
127.0.0.1 - - [03/Jun/2024:15:29:41 +0900] "GET / HTTP/1.1" 404 807
0:0:0:0:0:0:0:1 - - [03/Jun/2024:15:29:43 +0900] "GET /action/el/elBasics.do?pname=%EC%95%84%EC%9D%B4%ED%8F%B0&pcount=10&option=black&option=128gb HTTP/1.1" 200 1756
0:0:0:0:0:0:0:1 - - [03/Jun/2024:15:29:44 +0900] "GET /action/el/elBasics.do?pname=%EC%95%84%EC%9D%B4%ED%8F%B0&pcount=10&option=black&option=128gb HTTP/1.1" 200 1755
127.0.0.1 - - [03/Jun/2024:15:30:02 +0900] "GET / HTTP/1.1" 404 807
0:0:0:0:0:0:0:1 - - [03/Jun/2024:15:30:04 +0900] "GET /action/el/elBasics.do?pname=%EC%95%84%EC%9D%B4%ED%8F%B0&pcount=10&option=black&option=128gb HTTP/1.1" 200 1756
127.0.0.1 - - [03/Jun/2024:15:30:49 +0900] "GET / HTTP/1.1" 404 807
0:0:0:0:0:0:0:1 - - [03/Jun/2024:15:30:50 +0900] "GET /action/el/elBasics.do?pname=%EC%95%84%EC%9D%B4%ED%8F%B0&pcount=10&option=black&option=128gb HTTP/1.1" 200 1821
127.0.0.1 - - [03/Jun/2024:15:34:48 +0900] "GET / HTTP/1.1" 404 807
0:0:0:0:0:0:0:1 - - [03/Jun/2024:15:34:49 +0900] "GET /action/el/elBasics.do?pname=%EC%95%84%EC%9D%B4%ED%8F%B0&pcount=10&option=black&option=128gb HTTP/1.1" 200 2074
127.0.0.1 - - [03/Jun/2024:15:35:45 +0900] "GET / HTTP/1.1" 404 807
0:0:0:0:0:0:0:1 - - [03/Jun/2024:15:35:48 +0900] "GET /action/el/elBasics.do?pname=%EC%95%84%EC%9D%B4%ED%8F%B0&pcount=10&option=black&option=128gb HTTP/1.1" 500 9091
0:0:0:0:0:0:0:1 - - [03/Jun/2024:15:36:09 +0900] "GET /action/el/elBasics.do?pname=%EC%95%84%EC%9D%B4%ED%8F%B0&pcount=10&option=black&option=128gb HTTP/1.1" 200 2239
127.0.0.1 - - [03/Jun/2024:15:39:12 +0900] "GET / HTTP/1.1" 404 807
0:0:0:0:0:0:0:1 - - [03/Jun/2024:15:39:13 +0900] "GET /action/el/elBasics.do?pname=%EC%95%84%EC%9D%B4%ED%8F%B0&pcount=10&option=black&option=128gb HTTP/1.1" 200 2399
0:0:0:0:0:0:0:1 - - [03/Jun/2024:15:46:57 +0900] "GET /action/el/elBasics.do?pname=%EC%95%84%EC%9D%B4%ED%8F%B0&pcount=10&option=black&option=128gb HTTP/1.1" 200 2494
127.0.0.1 - - [03/Jun/2024:15:47:46 +0900] "GET / HTTP/1.1" 404 807
0:0:0:0:0:0:0:1 - - [03/Jun/2024:15:47:48 +0900] "GET /action/ HTTP/1.1" 200 603
0:0:0:0:0:0:0:1 - - [03/Jun/2024:15:47:49 +0900] "GET /action/el/elOperator.jsp HTTP/1.1" 200 189
0:0:0:0:0:0:0:1 - - [03/Jun/2024:15:48:24 +0900] "GET /action/el/elBasics.do?pname=%EC%95%84%EC%9D%B4%ED%8F%B0&pcount=10&option=black&option=128gb HTTP/1.1" 200 2494
0:0:0:0:0:0:0:1 - - [03/Jun/2024:15:59:16 +0900] "GET /action/el/elOperator.jsp HTTP/1.1" 200 189
0:0:0:0:0:0:0:1 - - [03/Jun/2024:15:59:21 +0900] "GET /action/el/elBasics.do?pname=%EC%95%84%EC%9D%B4%ED%8F%B0&pcount=10&option=black&option=128gb HTTP/1.1" 200 2493
127.0.0.1 - - [03/Jun/2024:16:03:24 +0900] "GET / HTTP/1.1" 404 807
0:0:0:0:0:0:0:1 - - [03/Jun/2024:16:03:27 +0900] "GET /action/el/elOperator.jsp HTTP/1.1" 200 232
0:0:0:0:0:0:0:1 - - [03/Jun/2024:16:04:09 +0900] "GET /action/el/elOperator.jsp HTTP/1.1" 200 232
127.0.0.1 - - [03/Jun/2024:16:04:16 +0900] "GET / HTTP/1.1" 404 807
0:0:0:0:0:0:0:1 - - [03/Jun/2024:16:04:16 +0900] "GET /action/el/elOperator.jsp HTTP/1.1" 500 3140
127.0.0.1 - - [03/Jun/2024:16:05:48 +0900] "GET / HTTP/1.1" 404 807
0:0:0:0:0:0:0:1 - - [03/Jun/2024:16:05:49 +0900] "GET /action/el/elOperator.jsp HTTP/1.1" 200 282
127.0.0.1 - - [03/Jun/2024:16:08:16 +0900] "GET / HTTP/1.1" 404 807
0:0:0:0:0:0:0:1 - - [03/Jun/2024:16:08:16 +0900] "GET /action/el/elOperator.jsp HTTP/1.1" 200 518
127.0.0.1 - - [03/Jun/2024:16:08:53 +0900] "GET / HTTP/1.1" 404 807
0:0:0:0:0:0:0:1 - - [03/Jun/2024:16:08:54 +0900] "GET /action/el/elOperator.jsp HTTP/1.1" 500 3129
0:0:0:0:0:0:0:1 - - [03/Jun/2024:16:09:06 +0900] "GET /action/el/elOperator.jsp HTTP/1.1" 200 540
0:0:0:0:0:0:0:1 - - [03/Jun/2024:16:10:30 +0900] "GET /action/el/elOperator.jsp HTTP/1.1" 200 540
0:0:0:0:0:0:0:1 - - [03/Jun/2024:16:10:34 +0900] "GET /action/el/elOperator.jsp HTTP/1.1" 200 540
127.0.0.1 - - [03/Jun/2024:16:10:40 +0900] "GET / HTTP/1.1" 404 807
0:0:0:0:0:0:0:1 - - [03/Jun/2024:16:10:43 +0900] "GET /action/el/elOperator.jsp HTTP/1.1" 200 600
127.0.0.1 - - [03/Jun/2024:16:11:46 +0900] "GET / HTTP/1.1" 404 807
0:0:0:0:0:0:0:1 - - [03/Jun/2024:16:11:49 +0900] "GET /action/el/elOperator.jsp HTTP/1.1" 200 611
0:0:0:0:0:0:0:1 - - [03/Jun/2024:16:11:51 +0900] "GET /action/el/elOperator.jsp HTTP/1.1" 200 611
127.0.0.1 - - [03/Jun/2024:16:16:19 +0900] "GET / HTTP/1.1" 404 807
127.0.0.1 - - [03/Jun/2024:16:16:27 +0900] "GET / HTTP/1.1" 404 807
0:0:0:0:0:0:0:1 - - [03/Jun/2024:16:16:28 +0900] "GET /action/el/elOperator.jsp HTTP/1.1" 200 780
127.0.0.1 - - [03/Jun/2024:16:18:03 +0900] "GET / HTTP/1.1" 404 807
0:0:0:0:0:0:0:1 - - [03/Jun/2024:16:18:06 +0900] "GET /action/el/elOperator.jsp HTTP/1.1" 200 805
127.0.0.1 - - [03/Jun/2024:16:20:49 +0900] "GET / HTTP/1.1" 404 807
0:0:0:0:0:0:0:1 - - [03/Jun/2024:16:20:50 +0900] "GET /action/el/elOperator.jsp HTTP/1.1" 200 925
127.0.0.1 - - [03/Jun/2024:16:28:21 +0900] "GET / HTTP/1.1" 404 807
0:0:0:0:0:0:0:1 - - [03/Jun/2024:16:28:23 +0900] "GET /action/el/elOperator.jsp HTTP/1.1" 200 1315
0:0:0:0:0:0:0:1 - - [03/Jun/2024:16:28:24 +0900] "GET /action/el/elOperator.jsp HTTP/1.1" 200 1315
127.0.0.1 - - [03/Jun/2024:16:29:56 +0900] "GET / HTTP/1.1" 404 807
0:0:0:0:0:0:0:1 - - [03/Jun/2024:16:29:58 +0900] "GET /action/el/elOperator.jsp HTTP/1.1" 200 1337
127.0.0.1 - - [03/Jun/2024:16:31:59 +0900] "GET / HTTP/1.1" 404 807
0:0:0:0:0:0:0:1 - - [03/Jun/2024:16:33:02 +0900] "GET /action/el/elOperator.jsp HTTP/1.1" 200 1433
0:0:0:0:0:0:0:1 - - [03/Jun/2024:17:11:52 +0900] "GET /hello/ HTTP/1.1" 200 946
0:0:0:0:0:0:0:1 - - [03/Jun/2024:17:11:56 +0900] "GET /hello/menu/menu.jsp HTTP/1.1" 404 809
0:0:0:0:0:0:0:1 - - [03/Jun/2024:17:41:05 +0900] "GET /hello/menu/menu.jsp HTTP/1.1" 404 809
